./dynamatic/integration-test/atax/atax.c
./dynamatic/integration-test/atax_float/atax_float.c
./dynamatic/integration-test/bicg/bicg.c
./dynamatic/integration-test/bicg_float/bicg_float.c
./dynamatic/integration-test/binary_search/binary_search.c
./dynamatic/integration-test/cnn/cnn.c
./dynamatic/integration-test/complexdiv/complexdiv.c
./dynamatic/integration-test/cordic/cordic.c
./dynamatic/integration-test/correlation_float/correlation_float.c
./dynamatic/integration-test/covariance/covariance.c
./dynamatic/integration-test/covariance_float/covariance_float.c
./dynamatic/integration-test/dct/dct.c
./dynamatic/integration-test/fir/fir.c
./dynamatic/integration-test/float_basic/float_basic.c
./dynamatic/integration-test/gaussian/gaussian.c
./dynamatic/integration-test/gcd/gcd.c
./dynamatic/integration-test/gemm/gemm.c
./dynamatic/integration-test/gemm_float/gemm_float.c
./dynamatic/integration-test/gemver/gemver.c
./dynamatic/integration-test/gemver_float/gemver_float.c
./dynamatic/integration-test/gesummv_float/gesummv_float.c
./dynamatic/integration-test/get_tanh/get_tanh.c
./dynamatic/integration-test/gsum/gsum.c
./dynamatic/integration-test/gsumif/gsumif.c
./dynamatic/integration-test/histogram/histogram.c
./dynamatic/integration-test/if_loop_1/if_loop_1.c
./dynamatic/integration-test/if_loop_2/if_loop_2.c
./dynamatic/integration-test/if_loop_3/if_loop_3.c
./dynamatic/integration-test/if_loop_add/if_loop_add.c
./dynamatic/integration-test/if_loop_mul/if_loop_mul.c
./dynamatic/integration-test/iir/iir.c
./dynamatic/integration-test/image_resize/image_resize.c
./dynamatic/integration-test/insertion_sort/insertion_sort.c
./dynamatic/integration-test/jacobi_1d_imper/jacobi_1d_imper.c
./dynamatic/integration-test/kernel_2mm/kernel_2mm.c
./dynamatic/integration-test/kernel_2mm_float/kernel_2mm_float.c
./dynamatic/integration-test/kernel_3mm/kernel_3mm.c
./dynamatic/integration-test/kernel_3mm_float/kernel_3mm_float.c
./dynamatic/integration-test/kmp/kmp.c
./dynamatic/integration-test/loop_array/loop_array.c
./dynamatic/integration-test/matching/matching.c
./dynamatic/integration-test/matching_2/matching_2.c
./dynamatic/integration-test/matrix/matrix.c
./dynamatic/integration-test/matrix_power/matrix_power.c
./dynamatic/integration-test/matvec/matvec.c
./dynamatic/integration-test/memory/test_memory_1/test_memory_1.c
./dynamatic/integration-test/memory/test_memory_10/test_memory_10.c
./dynamatic/integration-test/memory/test_memory_11/test_memory_11.c
./dynamatic/integration-test/memory/test_memory_12/test_memory_12.c
./dynamatic/integration-test/memory/test_memory_13/test_memory_13.c
./dynamatic/integration-test/memory/test_memory_14/test_memory_14.c
./dynamatic/integration-test/memory/test_memory_15/test_memory_15.c
./dynamatic/integration-test/memory/test_memory_16/test_memory_16.c
./dynamatic/integration-test/memory/test_memory_17/test_memory_17.c
./dynamatic/integration-test/memory/test_memory_18/test_memory_18.c
./dynamatic/integration-test/memory/test_memory_2/test_memory_2.c
./dynamatic/integration-test/memory/test_memory_3/test_memory_3.c
./dynamatic/integration-test/memory/test_memory_4/test_memory_4.c
./dynamatic/integration-test/memory/test_memory_5/test_memory_5.c
./dynamatic/integration-test/memory/test_memory_6/test_memory_6.c
./dynamatic/integration-test/memory/test_memory_7/test_memory_7.c
./dynamatic/integration-test/memory/test_memory_8/test_memory_8.c
./dynamatic/integration-test/memory/test_memory_9/test_memory_9.c
./dynamatic/integration-test/mul_example/mul_example.c
./dynamatic/integration-test/path_profiling/path_profiling.c
./dynamatic/integration-test/pivot/pivot.c
./dynamatic/integration-test/polyn_mult/polyn_mult.c
./dynamatic/integration-test/sharing/share_test_1/share_test_1.c
./dynamatic/integration-test/sharing/share_test_2/share_test_2.c
./dynamatic/integration-test/simple_example_1/simple_example_1.c
./dynamatic/integration-test/sobel/sobel.c
./dynamatic/integration-test/stencil_2d/stencil_2d.c
./dynamatic/integration-test/sumi3_mem/sumi3_mem.c
./dynamatic/integration-test/symm_float/symm_float.c
./dynamatic/integration-test/syr2k_float/syr2k_float.c
./dynamatic/integration-test/threshold/threshold.c
./dynamatic/integration-test/triangular/triangular.c
./dynamatic/integration-test/trisolv/trisolv.c
./dynamatic/integration-test/vector_rescale/vector_rescale.c
./dynamatic/integration-test/video_filter/video_filter.c
./dynamatic/integration-test/while_loop_1/while_loop_1.c
./dynamatic/integration-test/while_loop_2/while_loop_2.c
./dynamatic/integration-test/while_loop_3/while_loop_3.c
